bench get-app file:///home/frappe/context/apps/nextai --cache-key 1a18af1c03b62a0997b7927d42e7cfa04c488e5e --compress-artifacts
Getting nextai
$ git clone file:///home/frappe/context/apps/nextai  --depth 1 --origin upstream
Cloning into 'nextai'...
Ignoring dependencies of file:///home/frappe/context/apps/nextai. To install dependencies use --resolve-deps
Installing nextai
$ /home/frappe/frappe-bench/env/bin/python -m pip install --quiet --upgrade -e /home/frappe/frappe-bench/apps/nextai
$ bench build --app nextai
Linking /home/frappe/frappe-bench/apps/frappe/frappe/public to ./assets/frappe
/home/frappe/frappe-bench/apps/frappe/node_modules to ./assets/frappe/node_modules
/home/frappe/frappe-bench/apps/nextai/nextai/public to ./assets/nextai
/home/frappe/frappe-bench/apps/nextai/nextai/docs to ./assets/nextai_docs
Application Assets Linked


yarn run v1.22.22
$ node esbuild --production --apps nextai --run-build-command
File                                                        Size

 DONE  Total Build Time: 135.873ms

 WARN  Cannot connect to redis_cache to update assets_json
 WARN  Cannot connect to redis_cache to update assets_json
 WARN  Cannot connect to redis_cache to update assets_json
Done in 0.86s.
Compiling translations for nextai
$ supervisorctl restart frappe:
unix:///tmp/supervisor.sock no such file
WARN: restarting supervisor group `frappe:` failed. Use `bench restart` to retry.
Bench app-cache: caching nextai (compressed)
Required frappe version not set in pyproject.toml, please refer: https://github.com/frappe/bench/issues/1524
Bench app-cache: caching succeeded for nextai as /home/frappe/.cache/bench/apps/nextai.1a18af1c03b62a0997b7927d42e7cfa04c488e5e.md5-8f7bff3d99a682cbd1bf571099a1b82f.tgz