bench get-app file:///home/frappe/context/apps/nextai --cache-key 9c651b86f9a285fcdcd661be81e8ae3f1e1ca9ec --compress-artifacts
Getting nextai
$ git clone file:///home/frappe/context/apps/nextai  --depth 1 --origin upstream
Cloning into 'nextai'...
Ignoring dependencies of file:///home/frappe/context/apps/nextai. To install dependencies use --resolve-deps
Installing nextai
$ /home/frappe/frappe-bench/env/bin/python -m pip install --quiet --upgrade -e /home/frappe/frappe-bench/apps/nextai
ERROR: pip's dependency resolver does not currently take into account all the packages that are installed. This behaviour is the source of the following dependency conflicts.
google-api-python-client 2.2.0 requires google-auth<2dev,>=1.16.0, but you have google-auth 2.40.2 which is incompatible.
frappe 15.69.2 requires google-auth~=1.29.0, but you have google-auth 2.40.2 which is incompatible.
$ bench build --app nextai
Linking /home/frappe/frappe-bench/apps/frappe/frappe/public to ./assets/frappe
/home/frappe/frappe-bench/apps/frappe/node_modules to ./assets/frappe/node_modules
/home/frappe/frappe-bench/apps/nextai/nextai/public to ./assets/nextai
/home/frappe/frappe-bench/apps/nextai/nextai/docs to ./assets/nextai_docs
Application Assets Linked


yarn run v1.22.22
$ node esbuild --production --apps nextai --run-build-command
File                                                        Size

 DONE  Total Build Time: 136.112ms

 WARN  Cannot connect to redis_cache to update assets_json
 WARN  Cannot connect to redis_cache to update assets_json
 WARN  Cannot connect to redis_cache to update assets_json
Done in 0.84s.
Compiling translations for nextai
$ supervisorctl restart frappe:
unix:///tmp/supervisor.sock no such file
WARN: restarting supervisor group `frappe:` failed. Use `bench restart` to retry.
Bench app-cache: caching nextai (compressed)
Required frappe version not set in pyproject.toml, please refer: https://github.com/frappe/bench/issues/1524
Bench app-cache: caching succeeded for nextai as /home/frappe/.cache/bench/apps/nextai.9c651b86f9a285fcdcd661be81e8ae3f1e1ca9ec.md5-dacd381391334474e94b5c7aad8767d9.tgz